# vim: set noexpandtab cc=80:
#
# CPC/Emulator to host keymap
# Line format: CPC_KEY<tab>HOST_KEY<tab>[OPTIONAL_MODIFIER]
# Edit this at your own risk. It is *strongly* advised to back up this
# file before trying to modify it.
#
CPC_0	SDLK_0
CPC_1	SDLK_1
CPC_2	SDLK_2
CPC_3	SDLK_3
CPC_4	SDLK_4
CPC_5	SDLK_5
CPC_6	SDLK_6
CPC_7	SDLK_7
CPC_8	SDLK_8
CPC_9	SDLK_9
CPC_A	SDLK_A	MOD_PC_SHIFT
CPC_B	SDLK_B	MOD_PC_SHIFT
CPC_C	SDLK_C	MOD_PC_SHIFT
CPC_D	SDLK_D	MOD_PC_SHIFT
CPC_E	SDLK_E	MOD_PC_SHIFT
CPC_F	SDLK_F	MOD_PC_SHIFT
CPC_G	SDLK_G	MOD_PC_SHIFT
CPC_H	SDLK_H	MOD_PC_SHIFT
CPC_I	SDLK_I	MOD_PC_SHIFT
CPC_J	SDLK_J	MOD_PC_SHIFT
CPC_K	SDLK_K	MOD_PC_SHIFT
CPC_L	SDLK_L	MOD_PC_SHIFT
CPC_M	SDLK_M	MOD_PC_SHIFT
CPC_N	SDLK_N	MOD_PC_SHIFT
CPC_O	SDLK_O	MOD_PC_SHIFT
CPC_P	SDLK_P	MOD_PC_SHIFT
CPC_Q	SDLK_Q	MOD_PC_SHIFT
CPC_R	SDLK_R	MOD_PC_SHIFT
CPC_S	SDLK_S	MOD_PC_SHIFT
CPC_T	SDLK_T	MOD_PC_SHIFT
CPC_U	SDLK_U	MOD_PC_SHIFT
CPC_V	SDLK_V	MOD_PC_SHIFT
CPC_W	SDLK_W	MOD_PC_SHIFT
CPC_X	SDLK_X	MOD_PC_SHIFT
CPC_Y	SDLK_Y	MOD_PC_SHIFT
CPC_Z	SDLK_Z	MOD_PC_SHIFT
CPC_a	SDLK_A
CPC_b	SDLK_B
CPC_c	SDLK_C
CPC_d	SDLK_D
CPC_e	SDLK_E
CPC_f	SDLK_F
CPC_g	SDLK_G
CPC_h	SDLK_H
CPC_i	SDLK_I
CPC_j	SDLK_J
CPC_k	SDLK_K
CPC_l	SDLK_L
CPC_m	SDLK_M
CPC_n	SDLK_N
CPC_o	SDLK_O
CPC_p	SDLK_P
CPC_q	SDLK_Q
CPC_r	SDLK_R
CPC_s	SDLK_S
CPC_t	SDLK_T
CPC_u	SDLK_U
CPC_v	SDLK_V
CPC_w	SDLK_W
CPC_x	SDLK_X
CPC_y	SDLK_Y
CPC_z	SDLK_Z
CPC_CTRL_a	SDLK_A	MOD_PC_CTRL
CPC_CTRL_b	SDLK_B	MOD_PC_CTRL
CPC_CTRL_c	SDLK_C	MOD_PC_CTRL
CPC_CTRL_d	SDLK_D	MOD_PC_CTRL
CPC_CTRL_e	SDLK_E	MOD_PC_CTRL
CPC_CTRL_f	SDLK_F	MOD_PC_CTRL
CPC_CTRL_g	SDLK_G	MOD_PC_CTRL
CPC_CTRL_h	SDLK_H	MOD_PC_CTRL
CPC_CTRL_i	SDLK_I	MOD_PC_CTRL
CPC_CTRL_j	SDLK_J	MOD_PC_CTRL
CPC_CTRL_k	SDLK_K	MOD_PC_CTRL
CPC_CTRL_l	SDLK_L	MOD_PC_CTRL
CPC_CTRL_m	SDLK_M	MOD_PC_CTRL
CPC_CTRL_n	SDLK_N	MOD_PC_CTRL
CPC_CTRL_o	SDLK_O	MOD_PC_CTRL
CPC_CTRL_p	SDLK_P	MOD_PC_CTRL
CPC_CTRL_q	SDLK_Q	MOD_PC_CTRL
CPC_CTRL_r	SDLK_R	MOD_PC_CTRL
CPC_CTRL_s	SDLK_S	MOD_PC_CTRL
CPC_CTRL_t	SDLK_T	MOD_PC_CTRL
CPC_CTRL_u	SDLK_U	MOD_PC_CTRL
CPC_CTRL_v	SDLK_V	MOD_PC_CTRL
CPC_CTRL_w	SDLK_W	MOD_PC_CTRL
CPC_CTRL_x	SDLK_X	MOD_PC_CTRL
CPC_CTRL_y	SDLK_Y	MOD_PC_CTRL
CPC_CTRL_z	SDLK_Z	MOD_PC_CTRL
CPC_CTRL_0	SDLK_0	MOD_PC_CTRL
CPC_CTRL_1	SDLK_1	MOD_PC_CTRL
CPC_CTRL_2	SDLK_2	MOD_PC_CTRL
CPC_CTRL_3	SDLK_3	MOD_PC_CTRL
CPC_CTRL_4	SDLK_4	MOD_PC_CTRL
CPC_CTRL_5	SDLK_5	MOD_PC_CTRL
CPC_CTRL_6	SDLK_6	MOD_PC_CTRL
CPC_CTRL_7	SDLK_7	MOD_PC_CTRL
CPC_CTRL_8	SDLK_8	MOD_PC_CTRL
CPC_CTRL_9	SDLK_9	MOD_PC_CTRL
CPC_CTRL_UP	SDLK_UP	MOD_PC_CTRL
CPC_CTRL_DOWN	SDLK_DOWN	MOD_PC_CTRL
CPC_CTRL_LEFT	SDLK_LEFT	MOD_PC_CTRL
CPC_CTRL_RIGHT	SDLK_RIGHT	MOD_PC_CTRL
CPC_AMPERSAND	SDLK_6	MOD_PC_SHIFT
CPC_ASTERISK	SDLK_PLUS	MOD_PC_SHIFT
CPC_AT	SDLK_2	MOD_PC_MODE
CPC_BACKSLASH	SDLK_DEGREE	MOD_PC_MODE
CPC_CAPSLOCK	SDLK_CAPSLOCK
CPC_CLR	SDLK_DELETE
CPC_COLON	SDLK_PERIOD	MOD_PC_SHIFT
CPC_COMMA	SDLK_COMMA
CPC_CONTROL	SDLK_LCTRL
CPC_COPY	SDLK_LALT
CPC_CPY_DOWN	SDLK_DOWN	MOD_PC_SHIFT
CPC_CPY_LEFT	SDLK_LEFT	MOD_PC_SHIFT
CPC_CPY_RIGHT	SDLK_RIGHT	MOD_PC_SHIFT
CPC_CPY_UP	SDLK_UP	MOD_PC_SHIFT
CPC_CUR_DOWN	SDLK_DOWN
CPC_CUR_LEFT	SDLK_LEFT
CPC_CUR_RIGHT	SDLK_RIGHT
CPC_CUR_UP	SDLK_UP
CPC_CUR_HOMELN	SDLK_HOME
CPC_CUR_ENDLN	SDLK_END
CPC_CUR_HOMEBL	SDLK_HOME	MOD_PC_CTRL
CPC_CUR_ENDBL	SDLK_END	MOD_PC_CTRL
CPC_DBLQUOTE	SDLK_2	MOD_PC_SHIFT
CPC_DEL	SDLK_BACKSPACE
CPC_DOLLAR	SDLK_4	MOD_PC_SHIFT
CPC_ENTER	SDLK_KP_ENTER
CPC_EQUAL	SDLK_0	MOD_PC_SHIFT
CPC_ESC	SDLK_ESCAPE
CPC_EXCLAMATN	SDLK_1	MOD_PC_SHIFT
CPC_F0	SDLK_KP_0
CPC_F1	SDLK_KP_1
CPC_F2	SDLK_KP_2
CPC_F3	SDLK_KP_3
CPC_F4	SDLK_KP_4
CPC_F5	SDLK_KP_5
CPC_F6	SDLK_KP_6
CPC_F7	SDLK_KP_7
CPC_F8	SDLK_KP_8
CPC_F9	SDLK_KP_9
CPC_FPERIOD	SDLK_KP_PERIOD
CPC_GREATER	SDLK_LESS	MOD_PC_SHIFT
CPC_HASH	SDLK_3	MOD_PC_MODE
# This doesn't work because no keycode corresponds to the needed key.
# With scancode this would be SDL_SCANCODE_LEFTBRACKET with MOD_PC_MODE
CPC_LBRACKET	SDLK_GRAVE	MOD_PC_MODE
# This doesn't work because no keycode corresponds to the needed key.
# With scancode this would be SDL_SCANCODE_APOSTROPHE with MOD_PC_MODE
CPC_LCBRACE	SDLK_APOSTROPHE	MOD_PC_MODE
CPC_LEFTPAREN	SDLK_8	MOD_PC_SHIFT
CPC_LESS	SDLK_LESS
CPC_LSHIFT	SDLK_LSHIFT
CPC_MINUS	SDLK_MINUS
CPC_PERCENT	SDLK_5	MOD_PC_SHIFT
CPC_PERIOD	SDLK_PERIOD
CPC_PIPE	SDLK_1	MOD_PC_MODE
CPC_PLUS	SDLK_PLUS
CPC_QUESTION	SDLK_APOSTROPHE	MOD_PC_SHIFT
CPC_QUOTE	SDLK_APOSTROPHE
# This doesn't work because no keycode corresponds to the needed key.
# With scancode this would be SDL_SCANCODE_RIGHTBRACKET with MOD_PC_MODE
CPC_RBRACKET	SDLK_PLUS	MOD_PC_MODE
# This doesn't work because no keycode corresponds to the needed key.
# With scancode this would be SDL_SCANCODE_BACKSLASH with MOD_PC_MODE
CPC_RCBRACE	SDLK_cCEDIL	MOD_PC_MODE
CPC_RETURN	SDLK_RETURN
CPC_RIGHTPAREN	SDLK_9	MOD_PC_SHIFT
CPC_RSHIFT	SDLK_RSHIFT
CPC_SEMICOLON	SDLK_COMMA	MOD_PC_SHIFT
CPC_SLASH	SDLK_7	MOD_PC_SHIFT
CPC_SPACE	SDLK_SPACE
CPC_TAB	SDLK_TAB
CPC_UNDERSCORE	SDLK_MINUS	MOD_PC_SHIFT
CPC_ES_NTILDE	SDLK_nTILDE	MOD_PC_SHIFT
CPC_ES_nTILDE	SDLK_nTILDE
# Map peseta symbol to euro (AltGr+e)
CPC_ES_PESETA	SDLK_E	MOD_PC_MODE
#
# Emulator keymap
#
CAP32_DEBUG	SDLK_F12
CAP32_PASTE	SDLK_F11
CAP32_EXIT	SDLK_F10
CAP32_SPEED	SDLK_F9
CAP32_FPS	SDLK_F8
CAP32_JOY	SDLK_F7
CAP32_PHAZER	SDLK_F7	MOD_PC_SHIFT
CAP32_MF2STOP	SDLK_F6
CAP32_RESET	SDLK_F5
CAP32_NEXTDISKA	SDLK_F5	MOD_PC_SHIFT
CAP32_TAPEPLAY	SDLK_F4
CAP32_SCRNSHOT	SDLK_F3
CAP32_SNAPSHOT	SDLK_F3	MOD_PC_SHIFT
CAP32_LD_SNAP	SDLK_F4	MOD_PC_SHIFT
CAP32_FULLSCRN	SDLK_F2
CAP32_GUI	SDLK_F1
CAP32_VKBD	SDLK_F1	MOD_PC_SHIFT
CAP32_WAITBREAK	SDLK_PAUSE
CAP32_DELAY	SDLK_PAUSE	MOD_PC_SHIFT
CAP32_DEVTOOLS	SDLK_F2	MOD_PC_SHIFT
